17:04:22 **** Incremental Build of configuration Debug for project Noiseux_S ****
make -j6 all 
arm-none-eabi-gcc -o "Noiseux_S.elf" @"objects.list"   -mcpu=cortex-m3 -T"C:\cube\Noiseux_S\STM32F103CBTX_FLASH.ld" --specs=nosys.specs -Wl,-Map="Noiseux_S.map" -Wl,--gc-sections -static --specs=nano.specs -mfloat-abi=soft -mthumb -Wl,--start-group -lc -lm -Wl,--end-group
Finished building target: Noiseux_S.elf
 
arm-none-eabi-size  Noiseux_S.elf 
arm-none-eabi-objdump -h -S Noiseux_S.elf  > "Noiseux_S.list"
arm-none-eabi-objcopy  -O binary Noiseux_S.elf  "Noiseux_S.bin"
   text	   data	    bss	    dec	    hex	filename
  31220	    380	   6188	  37788	   939c	Noiseux_S.elf
Finished building: default.size.stdout
 
Finished building: Noiseux_S.list
 
Finished building: Noiseux_S.bin
 
